File "cyclic_step.mim", lines 1-6, characters 0-1
1 | step test in = out
2 | {
3 |     tmp1 = tmp2;
4 |     tmp2 = tmp1;
5 |     out = in;
6 | }
Error: Dependency between symbols: tmp2, tmp1
