Error: Dependency cycle between steps: test2, test1, test3
