File "multi_inputs.mim", line 1, characters 18-23
1 | step test (input, input) --> output
                      ^^^^^
Error: Redefinition of local symbol input
Also defined here:
1 | step test (input, input) --> output
               ^^^^^
