Error: Cyclic dependency between packages: CyclicB, CyclicA
